2026-03-29 14:53:05,661 [INFO] ==================================================
2026-03-29 14:53:05,661 [INFO] PHASE 2: Placing orders at market open
2026-03-29 14:53:05,662 [INFO] Mode: PAPER TRADE
2026-03-29 14:53:05,662 [WARNING] No signals.json found. Did generate_signals.py run yesterday?
2026-03-29 14:54:11,896 [INFO] ==================================================
2026-03-29 14:54:11,897 [INFO] PHASE 2: Placing orders at market open
2026-03-29 14:54:11,897 [INFO] Mode: PAPER TRADE
2026-03-29 14:54:11,897 [WARNING] No signals.json found. Did generate_signals.py run yesterday?
2026-03-29 14:54:22,277 [INFO] ==================================================
2026-03-29 14:54:22,278 [INFO] PHASE 2: Placing orders at market open
2026-03-29 14:54:22,278 [INFO] Mode: PAPER TRADE
2026-03-29 14:54:22,278 [WARNING] No signals.json found. Did generate_signals.py run yesterday?
2026-03-29 14:56:45,269 [INFO] ==================================================
2026-03-29 14:56:45,269 [INFO] PHASE 2: Placing orders at market open
2026-03-29 14:56:45,270 [INFO] Mode: PAPER TRADE
2026-03-29 14:56:45,270 [WARNING] No signals.json found. Did generate_signals.py run yesterday?
2026-03-29 15:31:44,257 [INFO] ==================================================
2026-03-29 15:31:44,258 [INFO] PHASE 2: Placing orders at market open
2026-03-29 15:31:44,258 [INFO] Mode: PAPER TRADE
2026-03-29 15:31:44,258 [WARNING] No signals.json found. Did generate_signals.py run yesterday?
2026-03-29 15:32:15,468 [INFO] ==================================================
2026-03-29 15:32:15,468 [INFO] PHASE 1: Generating signals after market close
2026-03-29 15:32:15,999 [INFO] Login successful
2026-03-29 15:32:16,212 [INFO] Fetched 205 candles for RELIANCE
2026-03-29 15:32:16,926 [INFO] Fetched 205 candles for TCS
2026-03-29 15:32:17,649 [INFO] Fetched 205 candles for INFY
2026-03-29 15:32:18,344 [INFO] Fetched 205 candles for HDFCBANK
2026-03-29 15:32:19,062 [INFO] Fetched 205 candles for ICICIBANK
2026-03-29 15:32:19,781 [INFO] Fetched 205 candles for SBIN
2026-03-29 15:32:20,490 [INFO] Fetched 205 candles for WIPRO
2026-03-29 15:32:21,247 [INFO] Fetched 205 candles for AXISBANK
2026-03-29 15:32:22,006 [INFO] Fetched 205 candles for BAJFINANCE
2026-03-29 15:32:22,737 [INFO] Fetched 205 candles for TITAN
2026-03-29 15:32:23,490 [INFO] Fetched 205 candles for MARUTI
2026-03-29 15:32:24,206 [INFO] Fetched 205 candles for LTIM
2026-03-29 15:32:24,945 [INFO] Fetched 205 candles for SUNPHARMA
2026-03-29 15:32:25,686 [INFO] Fetched 205 candles for ASIANPAINT
2026-03-29 15:32:26,390 [INFO] Fetched 205 candles for HCLTECH
2026-03-29 15:32:27,125 [INFO] Fetched 205 candles for NESTLEIND
2026-03-29 15:32:27,846 [INFO] Fetched 205 candles for ULTRACEMCO
2026-03-29 15:32:28,571 [INFO] Fetched 205 candles for TATAMOTORS
2026-03-29 15:32:29,326 [INFO] Fetched 205 candles for TATASTEEL
2026-03-29 15:32:30,071 [INFO] Fetched 205 candles for KOTAKBANK
2026-03-29 15:32:30,591 [INFO] Entry signals: None
2026-03-29 15:32:30,592 [INFO] Exit signals:  ['SBIN', 'TATAMOTORS']
2026-03-29 15:32:30,593 [INFO] Signals saved to signals.json. Orders will be placed tomorrow at 9:15 AM.
2026-03-29 15:32:30,593 [INFO] ==================================================
2026-03-29 15:32:35,164 [INFO] ==================================================
2026-03-29 15:32:35,164 [INFO] PHASE 2: Placing orders at market open
2026-03-29 15:32:35,164 [INFO] Mode: PAPER TRADE
2026-03-29 15:32:35,176 [INFO] Signals generated at: 2026-03-29 15:32:30
2026-03-29 15:32:35,677 [INFO] Login successful
2026-03-29 15:32:40,156 [INFO] Capital: 100000.00 | Open Positions: 0
2026-03-29 15:32:40,158 [INFO] Orders placed. signals.json cleaned up.
2026-03-29 15:32:40,158 [INFO] ==================================================
2026-03-29 15:35:03,723 [INFO] ==================================================
2026-03-29 15:35:03,723 [INFO] PHASE 1: Generating signals after market close
2026-03-29 15:35:04,184 [INFO] Login successful
2026-03-29 15:35:04,396 [INFO] Fetched 205 candles for RELIANCE
2026-03-29 15:35:05,131 [INFO] Fetched 205 candles for TCS
2026-03-29 15:35:05,833 [INFO] Fetched 205 candles for INFY
2026-03-29 15:35:06,557 [INFO] Fetched 205 candles for HDFCBANK
2026-03-29 15:35:07,277 [INFO] Fetched 205 candles for ICICIBANK
2026-03-29 15:35:07,988 [INFO] Fetched 205 candles for SBIN
2026-03-29 15:35:08,737 [INFO] Fetched 205 candles for WIPRO
2026-03-29 15:35:09,471 [INFO] Fetched 205 candles for AXISBANK
2026-03-29 15:35:10,212 [INFO] Fetched 205 candles for BAJFINANCE
2026-03-29 15:35:10,920 [INFO] Fetched 205 candles for TITAN
2026-03-29 15:35:11,614 [INFO] Fetched 205 candles for MARUTI
2026-03-29 15:35:12,280 [INFO] Fetched 205 candles for LTIM
2026-03-29 15:35:13,052 [INFO] Fetched 205 candles for SUNPHARMA
2026-03-29 15:35:13,833 [INFO] Fetched 205 candles for ASIANPAINT
2026-03-29 15:35:14,554 [INFO] Fetched 205 candles for HCLTECH
2026-03-29 15:35:15,336 [INFO] Fetched 205 candles for NESTLEIND
2026-03-29 15:35:16,046 [INFO] Fetched 205 candles for ULTRACEMCO
2026-03-29 15:35:16,810 [INFO] Fetched 205 candles for TATAMOTORS
2026-03-29 15:35:17,521 [INFO] Fetched 205 candles for TATASTEEL
2026-03-29 15:35:18,239 [INFO] Fetched 205 candles for KOTAKBANK
2026-03-29 15:35:18,765 [INFO] Entry signals: None
2026-03-29 15:35:18,765 [INFO] Exit signals:  ['SBIN', 'TATAMOTORS']
2026-03-29 15:35:18,766 [INFO] Signals saved to signals.json. Orders will be placed tomorrow at 9:15 AM.
2026-03-29 15:35:18,767 [INFO] ==================================================
2026-03-29 15:43:02,443 [INFO] ==================================================
2026-03-29 15:43:02,443 [INFO] PHASE 1: Generating signals after market close
2026-03-29 15:43:02,955 [INFO] Login successful
2026-03-29 15:43:03,246 [INFO] Fetched 205 candles for RELIANCE
2026-03-29 15:43:03,992 [INFO] Fetched 205 candles for TCS
2026-03-29 15:43:04,723 [INFO] Fetched 205 candles for INFY
2026-03-29 15:43:05,457 [INFO] Fetched 205 candles for HDFCBANK
2026-03-29 15:43:06,177 [INFO] Fetched 205 candles for ICICIBANK
2026-03-29 15:43:06,891 [INFO] Fetched 205 candles for SBIN
2026-03-29 15:43:07,627 [INFO] Fetched 205 candles for WIPRO
2026-03-29 15:43:08,297 [INFO] Fetched 205 candles for AXISBANK
2026-03-29 15:43:09,004 [INFO] Fetched 205 candles for BAJFINANCE
2026-03-29 15:43:09,779 [INFO] Fetched 205 candles for TITAN
2026-03-29 15:43:10,537 [INFO] Fetched 205 candles for MARUTI
2026-03-29 15:43:11,277 [INFO] Fetched 205 candles for LTIM
2026-03-29 15:43:12,009 [INFO] Fetched 205 candles for SUNPHARMA
2026-03-29 15:43:12,719 [INFO] Fetched 205 candles for ASIANPAINT
2026-03-29 15:43:13,437 [INFO] Fetched 205 candles for HCLTECH
2026-03-29 15:43:14,205 [INFO] Fetched 205 candles for NESTLEIND
2026-03-29 15:43:14,901 [INFO] Fetched 205 candles for ULTRACEMCO
2026-03-29 15:43:15,677 [INFO] Fetched 205 candles for TATAMOTORS
2026-03-29 15:43:16,373 [INFO] Fetched 205 candles for TATASTEEL
2026-03-29 15:43:17,245 [INFO] Fetched 205 candles for KOTAKBANK
2026-03-29 15:43:17,865 [INFO] Entry signals: None
2026-03-29 15:43:17,866 [INFO] Exit signals:  ['SBIN', 'TATAMOTORS']
2026-03-29 15:43:17,867 [INFO] Signals saved to signals.json. Orders will be placed tomorrow at 9:15 AM.
2026-03-29 15:43:17,867 [INFO] ==================================================
2026-03-29 15:43:24,195 [INFO] ==================================================
2026-03-29 15:43:24,195 [INFO] PHASE 2: Placing orders at market open
2026-03-29 15:43:24,195 [INFO] Mode: PAPER TRADE
2026-03-29 15:43:24,205 [INFO] Signals generated at: 2026-03-29 15:43:17
2026-03-29 15:43:24,206 [INFO] Signals -> Entries: 0 | Exits: 2
2026-03-29 15:43:24,620 [INFO] Login successful
2026-03-29 15:43:28,994 [INFO] Capital: 100000.00 | Open Positions: 0
2026-03-29 15:43:28,995 [INFO] Orders placed. signals.json cleaned up.
2026-03-29 15:43:28,995 [INFO] ==================================================
2026-03-29 15:50:22,175 [INFO] ==================================================
2026-03-29 15:50:22,176 [INFO] PHASE 2: Placing orders at market open
2026-03-29 15:50:22,176 [INFO] Mode: PAPER TRADE
2026-03-29 15:50:22,176 [WARNING] No signals.json found. Did generate_signals.py run yesterday?
2026-03-29 15:50:22,187 [INFO] ==================================================
2026-03-29 15:50:22,187 [INFO] PHASE 1: Generating signals after market close
2026-03-29 15:50:22,901 [INFO] Login successful
2026-03-29 15:50:23,200 [INFO] Fetched 205 candles for RELIANCE
2026-03-29 15:50:24,062 [INFO] Fetched 205 candles for TCS
2026-03-29 15:50:24,964 [INFO] Fetched 205 candles for INFY
2026-03-29 15:50:25,988 [INFO] Fetched 205 candles for HDFCBANK
2026-03-29 15:50:26,746 [INFO] Fetched 205 candles for ICICIBANK
2026-03-29 15:50:27,918 [INFO] Fetched 205 candles for SBIN
2026-03-29 15:50:28,688 [INFO] Fetched 205 candles for WIPRO
2026-03-29 15:50:29,478 [INFO] Fetched 205 candles for AXISBANK
2026-03-29 15:50:30,202 [INFO] Fetched 205 candles for BAJFINANCE
2026-03-29 15:50:30,947 [INFO] Fetched 205 candles for TITAN
2026-03-29 15:50:31,787 [INFO] Fetched 205 candles for MARUTI
2026-03-29 15:50:32,688 [INFO] Fetched 205 candles for LTIM
2026-03-29 15:50:33,584 [INFO] Fetched 205 candles for SUNPHARMA
2026-03-29 15:50:34,332 [INFO] Fetched 205 candles for ASIANPAINT
2026-03-29 15:50:35,368 [INFO] Fetched 205 candles for HCLTECH
2026-03-29 15:50:36,260 [INFO] Fetched 205 candles for NESTLEIND
2026-03-29 15:50:37,058 [INFO] Fetched 205 candles for ULTRACEMCO
2026-03-29 15:50:37,895 [INFO] Fetched 205 candles for TATAMOTORS
2026-03-29 15:50:38,738 [INFO] Fetched 205 candles for TATASTEEL
2026-03-29 15:50:39,438 [INFO] Fetched 205 candles for KOTAKBANK
2026-03-29 15:50:39,982 [INFO] Entry signals: None
2026-03-29 15:50:39,982 [INFO] Exit signals:  ['SBIN', 'TATAMOTORS']
2026-03-29 15:50:39,983 [INFO] Signals saved to signals.json. Orders will be placed tomorrow at 9:15 AM.
2026-03-29 15:50:39,983 [INFO] ==================================================
2026-03-29 16:02:04,333 [INFO] ==================================================
2026-03-29 16:02:04,334 [INFO] PHASE 2: Placing orders at market open
2026-03-29 16:02:04,334 [INFO] Mode: PAPER TRADE
2026-03-29 16:02:04,344 [INFO] Signals generated at: 2026-03-29 15:50:39
2026-03-29 16:02:04,344 [INFO] Signals -> Entries: 0 | Exits: 2
2026-03-29 16:02:04,345 [INFO] ==================================================
2026-03-29 16:02:04,345 [INFO] PHASE 1: Generating signals after market close
2026-03-29 16:02:04,587 [ERROR] Login exception: Couldn't parse the JSON response received from the server: b'Access denied because of exceeding access rate'
2026-03-29 16:02:04,588 [ERROR] Login failed.
2026-03-29 16:02:04,778 [INFO] Login successful
2026-03-29 16:02:09,251 [INFO] Capital: 100000.00 | Open Positions: 0
2026-03-29 16:02:09,253 [INFO] Orders placed. signals.json cleaned up.
2026-03-29 16:02:09,253 [INFO] ==================================================
2026-03-29 16:22:17,528 [INFO] ==================================================
2026-03-29 16:22:17,528 [INFO] PHASE 2: Placing orders at market open
2026-03-29 16:22:17,529 [INFO] Mode: PAPER TRADE
2026-03-29 16:22:17,529 [WARNING] No signals.json found. Did generate_signals.py run yesterday?
2026-03-29 16:22:17,541 [INFO] ==================================================
2026-03-29 16:22:17,541 [INFO] PHASE 1: Generating signals after market close
2026-03-29 16:22:19,120 [INFO] Login successful
2026-03-29 16:22:19,398 [INFO] Fetched 205 candles for RELIANCE
2026-03-29 16:22:20,165 [INFO] Fetched 205 candles for TCS
2026-03-29 16:22:20,928 [INFO] Fetched 205 candles for INFY
2026-03-29 16:22:21,720 [INFO] Fetched 205 candles for HDFCBANK
2026-03-29 16:22:22,517 [INFO] Fetched 205 candles for ICICIBANK
2026-03-29 16:22:23,552 [INFO] Fetched 205 candles for SBIN
2026-03-29 16:22:24,380 [INFO] Fetched 205 candles for WIPRO
2026-03-29 16:22:25,098 [INFO] Fetched 205 candles for AXISBANK
2026-03-29 16:22:25,969 [INFO] Fetched 205 candles for BAJFINANCE
2026-03-29 16:22:26,858 [INFO] Fetched 205 candles for TITAN
2026-03-29 16:22:27,798 [INFO] Fetched 205 candles for MARUTI
2026-03-29 16:22:28,722 [INFO] Fetched 205 candles for LTIM
2026-03-29 16:22:29,500 [INFO] Fetched 205 candles for SUNPHARMA
2026-03-29 16:22:30,285 [INFO] Fetched 205 candles for ASIANPAINT
2026-03-29 16:22:31,321 [INFO] Fetched 205 candles for HCLTECH
2026-03-29 16:22:32,051 [INFO] Fetched 205 candles for NESTLEIND
2026-03-29 16:22:32,786 [INFO] Fetched 205 candles for ULTRACEMCO
2026-03-29 16:22:33,503 [INFO] Fetched 205 candles for TATAMOTORS
2026-03-29 16:22:34,292 [INFO] Fetched 205 candles for TATASTEEL
2026-03-29 16:22:35,029 [INFO] Fetched 205 candles for KOTAKBANK
2026-03-29 16:22:35,563 [INFO] Entry signals: None
2026-03-29 16:22:35,564 [INFO] Exit signals:  ['SBIN', 'TATAMOTORS']
2026-03-29 16:22:35,565 [INFO] Signals saved to signals.json. Orders will be placed tomorrow at 9:15 AM.
2026-03-29 16:22:35,565 [INFO] ==================================================
2026-03-29 16:48:04,515 [INFO] ==================================================
2026-03-29 16:48:04,516 [INFO] PHASE 2: Placing orders at market open
2026-03-29 16:48:04,516 [INFO] Mode: PAPER TRADE
2026-03-29 16:48:04,527 [INFO] ==================================================
2026-03-29 16:48:04,527 [INFO] PHASE 1: Generating signals after market close
2026-03-29 16:48:04,530 [INFO] Signals generated at: 2026-03-29 16:22:35
2026-03-29 16:48:04,530 [INFO] Signals -> Entries: 0 | Exits: 2
2026-03-29 16:48:06,276 [ERROR] Login exception: Couldn't parse the JSON response received from the server: b'Access denied because of exceeding access rate'
2026-03-29 16:48:06,277 [ERROR] Login failed.
2026-03-29 16:48:06,572 [INFO] Login successful
2026-03-29 16:48:23,643 [INFO] Capital: 100000.00 | Open Positions: 0
2026-03-29 16:48:23,644 [INFO] Orders placed. signals.json cleaned up.
2026-03-29 16:48:23,644 [INFO] ==================================================
2026-03-30 16:37:05,936 [INFO] ==================================================
2026-03-30 16:37:05,937 [INFO] PHASE 1: Generating signals after market close
2026-03-30 16:37:06,022 [ERROR] Login exception: HTTPSConnectionPool(host='apiconnect.angelone.in', port=443): Max retries exceeded with url: /rest/auth/angelbroking/user/v1/loginByPassword (Caused by SSLError(SSLCertVerificationError(1, '[SSL: CERTIFICATE_VERIFY_FAILED] certificate verify failed: self-signed certificate in certificate chain (_ssl.c:1020)')))
2026-03-30 16:37:06,022 [ERROR] Login failed.
2026-03-30 16:40:25,297 [INFO] ==================================================
2026-03-30 16:40:25,297 [INFO] PHASE 2: Placing orders at market open
2026-03-30 16:40:25,297 [INFO] Mode: PAPER TRADE
2026-03-30 16:40:25,297 [WARNING] No signals.json found. Did generate_signals.py run yesterday?
